// Jest Snapshot v1, https://goo.gl/fbAQLP

exports[`serialize collected clientData: serialized collected client data 1`] = `"{\\"type\\":\\"webauthn.create\\",\\"challenge\\":{\\"type\\":\\"Buffer\\",\\"data\\":[0,1,2,3,4,5,6,7,8,9,10,11,12,13,14,15]},\\"origin\\":\\"https://google.com\\",\\"crossOrigin\\":false}"`;
